
> split-webapp@0.0.206 build
> vite build

[36mvite v5.4.18 [32mbuilding for production...[36m[39m
transforming...
[32mÔ£ô[39m 915 modules transformed.
rendering chunks...
computing gzip size...
[2mdist/[22m[32mregisterSW.js                     [39m[1m[2m    0.13 kB[22m[1m[22m
[2mdist/[22m[32mmanifest.webmanifest              [39m[1m[2m    0.32 kB[22m[1m[22m
[2mdist/[22m[32mindex.html                        [39m[1m[2m    1.33 kB[22m[1m[22m[2m Ôöé gzip:   0.61 kB[22m
[2mdist/[22m[32massets/btc-BH4He01_.png           [39m[1m[2m    6.01 kB[22m[1m[22m
[2mdist/[22m[32massets/flagSprite60-CAbt8maY.png  [39m[1m[2m   51.39 kB[22m[1m[22m
[2mdist/[22m[32massets/logo2-DBY_tj1u.png         [39m[1m[2m  110.86 kB[22m[1m[22m
[2mdist/[22m[32massets/logoRounded-DIUyweEL.png   [39m[1m[2m1,068.02 kB[22m[1m[22m
[2mdist/[22m[35massets/index-K664b9kh.css         [39m[1m[2m   13.12 kB[22m[1m[22m[2m Ôöé gzip:   2.81 kB[22m
[2mdist/[22m[36massets/index-Bn_mGHZ5.js          [39m[1m[33m2,245.15 kB[39m[22m[2m Ôöé gzip: 627.80 kB[22m
npm : [33m
At line:1 char:1
+ npm run build > build_output.txt 2>&1
+ ~~~~~~~~~~~~~~~~~~~~~~~~~~~~~~~~~~~~~
    + CategoryInfo          : NotSpecified: ([33m:String) [], RemoteException
    + FullyQualifiedErrorId : NativeCommandError
 
(!) Some chunks are larger than 500 kB after minification. Consider:
- Using dynamic import() to code-split the application
- Use build.rollupOptions.output.manualChunks to improve chunking: 
https://rollupjs.org/configuration-options/#output-manualchunks
- Adjust chunk size limit for this warning via build.chunkSizeWarningLimit.[39m
[32mÔ£ô built in 16.27s[39m
[31merror during build:
Error: 
  Configure "workbox.maximumFileSizeToCacheInBytes" to change the limit: the default value is 2 MiB.
  Check https://vite-pwa-org.netlify.app/guide/faq.html#missing-assets-from-sw-precache-manifest for more information.
  Assets exceeding the limit:
  - assets/index-Bn_mGHZ5.js is 2.25 MB, and won't be precached.

    at logWorkboxResult (file:///C:/Users/chris/OneDrive/%CE%A5%CF%80%CE%BF%CE%BB%CE%BF%CE%B3%CE%B9%CF%83%CF%84%CE%AE%C
F%82/split-webapp/node_modules/vite-plugin-pwa/dist/chunk-G4TAN34B.js:44:13)
    at generateServiceWorker (file:///C:/Users/chris/OneDrive/%CE%A5%CF%80%CE%BF%CE%BB%CE%BF%CE%B3%CE%B9%CF%83%CF%84%CE
%AE%CF%82/split-webapp/node_modules/vite-plugin-pwa/dist/index.js:209:3)
    at async _generateSW (file:///C:/Users/chris/OneDrive/%CE%A5%CF%80%CE%BF%CE%BB%CE%BF%CE%B3%CE%B9%CF%83%CF%84%CE%AE%
CF%82/split-webapp/node_modules/vite-plugin-pwa/dist/index.js:234:5)
    at async Object.handler (file:///C:/Users/chris/OneDrive/%CE%A5%CF%80%CE%BF%CE%BB%CE%BF%CE%B3%CE%B9%CF%83%CF%84%CE%
AE%CF%82/split-webapp/node_modules/vite-plugin-pwa/dist/index.js:427:13)
    at async PluginDriver.hookParallel (file:///C:/Users/chris/OneDrive/%CE%A5%CF%80%CE%BF%CE%BB%CE%BF%CE%B3%CE%B9%CF%8
3%CF%84%CE%AE%CF%82/split-webapp/node_modules/rollup/dist/es/shared/node-entry.js:22092:17)
    at async Object.close (file:///C:/Users/chris/OneDrive/%CE%A5%CF%80%CE%BF%CE%BB%CE%BF%CE%B3%CE%B9%CF%83%CF%84%CE%AE
%CF%82/split-webapp/node_modules/rollup/dist/es/shared/node-entry.js:23101:13)
    at async build (file:///C:/Users/chris/OneDrive/%CE%A5%CF%80%CE%BF%CE%BB%CE%BF%CE%B3%CE%B9%CF%83%CF%84%CE%AE%CF%82/
split-webapp/node_modules/vite/dist/node/chunks/dep-DbT5NFX0.js:65666:17)
    at async CAC.<anonymous> (file:///C:/Users/chris/OneDrive/%CE%A5%CF%80%CE%BF%CE%BB%CE%BF%CE%B3%CE%B9%CF%83%CF%84%CE
%AE%CF%82/split-webapp/node_modules/vite/dist/node/cli.js:829:5)[39m
